'TorusEven.Entry.Shell.wVoltage_sum' depends on axioms: [propext, Classical.choice, Quot.sound]
'TorusEven.Entry.Shell.layerCarry' depends on axioms: [propext, Classical.choice, Quot.sound]
'TorusEven.Entry.Shell.yVoltage_layer_sum' depends on axioms: [propext, Classical.choice, Quot.sound]
'TorusEven.Entry.Shell.layerCarry_zero' depends on axioms: [propext, Classical.choice, Quot.sound]
'TorusEven.Entry.Shell.sum_layerCarry' depends on axioms: [propext, Classical.choice, Quot.sound]
'TorusEven.Entry.Shell.yVoltage_sum' depends on axioms: [propext, Classical.choice, Quot.sound]
'TorusEven.Entry.Shell.yVoltage_unit' depends on axioms: [propext, Classical.choice, Quot.sound]
'TorusEven.Entry.Shell.pair_row_coherent' depends on axioms: [propext, Classical.choice, Quot.sound]
'TorusEven.Entry.Shell.selected_coherent' depends on axioms: [propext, Classical.choice, Quot.sound]
'TorusEven.Entry.Shell.complement_coherent' depends on axioms: [propext, Classical.choice, Quot.sound]
'TorusEven.Entry.Shell.baseStep' depends on axioms: [propext, Classical.choice, Quot.sound]
'TorusEven.Entry.Shell.step' depends on axioms: [propext, Classical.choice, Quot.sound]
'TorusEven.Entry.Shell.step_eq' depends on axioms: [propext, Classical.choice, Quot.sound]
'TorusEven.Entry.Shell.factorization' depends on axioms: [propext, Classical.choice, Quot.sound]
'TorusEven.Entry.Shell.base_hamilton' depends on axioms: [propext, Classical.choice, Quot.sound]
'TorusEven.Entry.Shell.hamilton' depends on axioms: [propext, Classical.choice, Quot.sound]
'TorusEven.Entry.Shell.circuitCount' depends on axioms: [propext, Classical.choice, Quot.sound]
'TorusEven.Entry.Shell.xChart_consistent' depends on axioms: [propext, Classical.choice, Quot.sound]
'TorusEven.Entry.Shell.labelEquiv' depends on axioms: [propext, Classical.choice, Quot.sound]
'TorusEven.Entry.Shell.Color' does not depend on any axioms
'TorusEven.Entry.Shell.aUser' does not depend on any axioms
'TorusEven.Entry.Shell.aUsers' depends on axioms: [propext, Classical.choice, Quot.sound]
'TorusEven.Entry.Shell.mem_aUsers' depends on axioms: [propext, Classical.choice, Quot.sound]
'TorusEven.Entry.Shell.aIndex' does not depend on any axioms
'TorusEven.Entry.Shell.aEmbedding' depends on axioms: [propext, Quot.sound]
'TorusEven.Entry.Shell.aUsers_eq' depends on axioms: [propext, Classical.choice, Quot.sound]
'TorusEven.Entry.Shell.card_aUsers' depends on axioms: [propext, Classical.choice, Quot.sound]
'TorusEven.Entry.Shell.pairCount' does not depend on any axioms
'TorusEven.Entry.Shell.endpointIndex' does not depend on any axioms
'TorusEven.Entry.Shell.pairCount_height' depends on axioms: [propext, Quot.sound]
'TorusEven.Entry.Shell.endpoint_lt' depends on axioms: [propext, Classical.choice, Quot.sound]
'TorusEven.Entry.Shell.endpoint' depends on axioms: [propext, Classical.choice, Quot.sound]
'TorusEven.Entry.Shell.pairs' depends on axioms: [propext, Classical.choice, Quot.sound]
'TorusEven.Entry.Shell.fillerIndex' does not depend on any axioms
'TorusEven.Entry.Shell.fillerEmbedding' depends on axioms: [propext, Quot.sound]
'TorusEven.Entry.Shell.fillers' depends on axioms: [propext, Classical.choice, Quot.sound]
'TorusEven.Entry.Shell.fillers_subset' depends on axioms: [propext, Classical.choice, Quot.sound]
'TorusEven.Entry.Shell.fillers_disjoint' depends on axioms: [propext, Classical.choice, Quot.sound]
'TorusEven.Entry.Shell.card_fillers_add_pairs' depends on axioms: [propext, Classical.choice, Quot.sound]
'TorusEven.Entry.Shell.pairHeight' does not depend on any axioms
'TorusEven.Entry.Shell.endpoint_height' depends on axioms: [propext, Classical.choice, Quot.sound]
'TorusEven.Entry.Shell.PairSlot' does not depend on any axioms
'TorusEven.Entry.Shell.globalEndpoint' depends on axioms: [propext, Classical.choice, Quot.sound]
'TorusEven.Entry.Shell.card_pairSlot' depends on axioms: [propext, Classical.choice, Quot.sound]
'TorusEven.Entry.Shell.pairEquiv' depends on axioms: [propext, Classical.choice, Quot.sound]
'TorusEven.Entry.Shell.pairEquiv_apply' depends on axioms: [propext, Classical.choice, Quot.sound]
'TorusEven.Entry.Shell.event' depends on axioms: [propext, Quot.sound]
'TorusEven.Entry.Shell.selected' depends on axioms: [propext, Classical.choice, Quot.sound]
'TorusEven.Entry.Shell.selected_subset' depends on axioms: [propext, Classical.choice, Quot.sound]
'TorusEven.Entry.Shell.card_selected' depends on axioms: [propext, Classical.choice, Quot.sound]
'TorusEven.Entry.Shell.direction' depends on axioms: [propext, Classical.choice, Quot.sound]
'TorusEven.Entry.Shell.direction_zero' depends on axioms: [propext, Classical.choice, Quot.sound]
'TorusEven.Entry.Shell.direction_one' depends on axioms: [propext, Classical.choice, Quot.sound]
'TorusEven.Entry.Shell.direction_two' depends on axioms: [propext, Classical.choice, Quot.sound]
'TorusEven.Entry.Shell.quota' depends on axioms: [propext, Classical.choice, Quot.sound]
'TorusEven.Entry.Shell.wVoltage' depends on axioms: [propext, Classical.choice, Quot.sound]
'TorusEven.Entry.Shell.yVoltage' depends on axioms: [propext, Classical.choice, Quot.sound]
'TorusEven.Entry.Shell.wVoltage_eq' depends on axioms: [propext, Classical.choice, Quot.sound]
'TorusEven.Entry.Shell.yVoltage_eq' depends on axioms: [propext, Classical.choice, Quot.sound]
'TorusEven.Entry.Seed.Color' does not depend on any axioms
'TorusEven.Entry.Seed.factorization' depends on axioms: [propext, Classical.choice, Quot.sound]
'TorusEven.Entry.Seed.active' depends on axioms: [propext, Classical.choice, Quot.sound]
'TorusEven.Entry.Seed.width' depends on axioms: [propext, Classical.choice, Quot.sound]
'TorusEven.Entry.Seed.activeSeparated' depends on axioms: [propext, Classical.choice, Quot.sound]
'TorusEven.Entry.Seed.circuitCount_left' depends on axioms: [propext, Classical.choice, Quot.sound]
'TorusEven.Entry.Seed.circuitCount_right' depends on axioms: [propext, Classical.choice, Quot.sound]
'TorusEven.Entry.Seed.xChart_consistent' depends on axioms: [propext, Classical.choice, Quot.sound]
'TorusEven.Entry.Seed.labels' depends on axioms: [propext, Classical.choice, Quot.sound]
'TorusEven.Entry.Seed.circuitLabel_card' depends on axioms: [propext, Classical.choice, Quot.sound]
'TorusEven.Entry.Seed.replacement' depends on axioms: [propext, Classical.choice, Quot.sound]
'TorusEven.Entry.Seed.replacement_hamilton' depends on axioms: [propext, Classical.choice, Quot.sound]
'TorusEven.Entry.Seed.corePresent' depends on axioms: [propext, Classical.choice, Quot.sound]
'TorusEven.Entry.Seed.support' depends on axioms: [propext, Classical.choice, Quot.sound]
'TorusEven.Entry.Seed.mem_blockSupport_left' depends on axioms: [propext, Classical.choice, Quot.sound]
'TorusEven.Entry.Seed.mem_blockSupport_right' depends on axioms: [propext, Classical.choice, Quot.sound]
'TorusEven.Entry.Seed.support_eq' depends on axioms: [propext, Classical.choice, Quot.sound]
'TorusEven.Entry.Seed.card_support' depends on axioms: [propext, Classical.choice, Quot.sound]
'TorusEven.Entry.Seed.evenComponents_iff' depends on axioms: [propext, Classical.choice, Quot.sound]
'TorusEven.Collar.MultitorusFactorization.superpose' depends on axioms: [propext, Classical.choice, Quot.sound]
'TorusEven.Collar.MultitorusFactorization.superposeLabels' depends on axioms: [propext, Classical.choice, Quot.sound]
'TorusEven.Collar.MultitorusFactorization.mem_superpose_support_left' depends on axioms: [propext,
 Classical.choice,
 Quot.sound]
'TorusEven.Collar.MultitorusFactorization.mem_superpose_support_right' depends on axioms: [propext,
 Classical.choice,
 Quot.sound]
'TorusEven.Collar.CircuitConsistent.superpose' depends on axioms: [propext, Classical.choice, Quot.sound]
'TorusEven.Collar.Recolouring.superpose' depends on axioms: [propext, Classical.choice, Quot.sound]
'TorusEven.Collar.Recolouring.superpose_step_left' depends on axioms: [propext, Classical.choice, Quot.sound]
'TorusEven.Collar.Recolouring.superpose_step_right' depends on axioms: [propext, Classical.choice, Quot.sound]
'TorusEven.Entry.sum_zmod_val_of_support' depends on axioms: [propext, Classical.choice, Quot.sound]
'TorusEven.Entry.Star.hamilton' depends on axioms: [propext, Classical.choice, Quot.sound]
'TorusEven.Entry.Star.replacement_hamilton' depends on axioms: [propext, Classical.choice, Quot.sound]
'TorusEven.even_degree_collar' depends on axioms: [propext, Classical.choice, Quot.sound]
'TorusEven.even_modulus_tori_all_dimensions_of_collar' depends on axioms: [propext,
 Classical.choice,
 Quot.sound,
 D5Odd.m4RankZ_bijective._native.native_decide.ax_1_1,
 D5Odd.m4RankZ_step._native.native_decide.ax_1_1,
 D5Odd.m4RouteESchedule_exact._native.native_decide.ax_1_1,
 D5Odd.m4RouteESchedule_latin._native.native_decide.ax_1_1,
 TorusD3Even.firstReturn_four_m6._native.native_decide.ax_1_1,
 TorusD3Even.firstReturn_six_m8._native.native_decide.ax_1_1,
 TorusD3Even.hfirst_four_m6._native.native_decide.ax_1_4,
 TorusD3Even.hfirst_four_m6._native.native_decide.ax_1_5,
 TorusD3Even.hfirst_four_m6._native.native_decide.ax_1_6,
 TorusD3Even.hfirst_four_m6._native.native_decide.ax_1_7,
 TorusD3Even.hfirst_four_m6._native.native_decide.ax_1_8,
 TorusD3Even.hfirst_six_m8._native.native_decide.ax_1_10,
 TorusD3Even.hfirst_six_m8._native.native_decide.ax_1_4,
 TorusD3Even.hfirst_six_m8._native.native_decide.ax_1_5,
 TorusD3Even.hfirst_six_m8._native.native_decide.ax_1_6,
 TorusD3Even.hfirst_six_m8._native.native_decide.ax_1_7,
 TorusD3Even.hfirst_six_m8._native.native_decide.ax_1_8,
 TorusD3Even.hfirst_six_m8._native.native_decide.ax_1_9]
